{
    "mageck_mle - csv - stub": {
        "content": [
            [
                "versions.yml:md5,d83f4ee1ef0e972c5ea9a8deee7ba3b3"
            ]
        ],
        "meta": {
            "nf-test": "0.8.4",
            "nextflow": "24.04.2"
        },
        "timestamp": "2024-06-04T10:58:49.575230952"
    },
    "mageck_mle - csv": {
        "content": [
            [
                "versions.yml:md5,d83f4ee1ef0e972c5ea9a8deee7ba3b3"
            ]
        ],
        "meta": {
            "nf-test": "0.8.4",
            "nextflow": "24.04.2"
        },
        "timestamp": "2024-06-04T10:55:23.297715246"
    }
}